[07:14:07] [main/INFO]: Loading Minecraft 1.21.11 with Fabric Loader 0.19.3
[07:14:08] [main/INFO]: Loading 46 mods:
	- fabric-api 0.139.4+1.21.11
	   |-- fabric-api-base 1.0.5+4ebb5c0853
	   |-- fabric-api-lookup-api-v1 1.6.113+1fb1cde953
	   |-- fabric-biome-api-v1 17.1.1+4fc5413f53
	   |-- fabric-block-api-v1 1.1.10+4ebb5c0853
	   |-- fabric-block-view-api-v2 1.0.39+4ebb5c0853
	   |-- fabric-command-api-v2 2.4.6+4ebb5c0853
	   |-- fabric-content-registries-v0 10.2.14+4fc5413f53
	   |-- fabric-convention-tags-v1 2.1.55+7f945d5b53
	   |-- fabric-convention-tags-v2 2.17.3+8ef948ba53
	   |-- fabric-crash-report-info-v1 0.3.23+4ebb5c0853
	   |-- fabric-data-attachment-api-v1 1.8.42+1fb1cde953
	   |-- fabric-data-generation-api-v1 23.2.38+1d9b5c3553
	   |-- fabric-dimensions-v1 4.0.28+4fc5413f53
	   |-- fabric-entity-events-v1 3.0.5+4ebb5c0853
	   |-- fabric-events-interaction-v0 4.0.43+1fb1cde953
	   |-- fabric-game-rule-api-v1 2.0.3+4fc5413f53
	   |-- fabric-item-api-v1 11.5.19+78c8b46653
	   |-- fabric-item-group-api-v1 4.2.36+4fc5413f53
	   |-- fabric-key-binding-api-v1 1.1.7+4fc5413f53
	   |-- fabric-lifecycle-events-v1 2.6.15+4ebb5c0853
	   |-- fabric-loot-api-v2 3.0.73+3f89f5a553
	   |-- fabric-loot-api-v3 2.0.20+78c8b46653
	   |-- fabric-message-api-v1 6.1.12+4ebb5c0853
	   |-- fabric-networking-api-v1 5.1.4+4ebb5c0853
	   |-- fabric-object-builder-api-v1 21.1.37+4fc5413f53
	   |-- fabric-particles-v1 4.2.10+4fc5413f53
	   |-- fabric-recipe-api-v1 8.2.2+4ebb5c0853
	   |-- fabric-registry-sync-v0 6.2.3+4ebb5c0853
	   |-- fabric-rendering-fluids-v1 3.1.43+4ebb5c0853
	   |-- fabric-rendering-v1 16.2.5+1fb1cde953
	   |-- fabric-resource-conditions-api-v1 5.0.35+4fc5413f53
	   |-- fabric-resource-loader-v0 3.3.4+4fc5413f53
	   |-- fabric-resource-loader-v1 1.0.10+78c8b46653
	   |-- fabric-screen-api-v1 3.1.7+4ebb5c0853
	   |-- fabric-screen-handler-api-v1 1.3.159+4fc5413f53
	   |-- fabric-serialization-api-v1 1.0.5+4ebb5c0853
	   |-- fabric-sound-api-v1 1.0.51+4fc5413f53
	   |-- fabric-tag-api-v1 1.2.20+4fc5413f53
	   |-- fabric-transfer-api-v1 6.0.24+4fc5413f53
	   \-- fabric-transitive-access-wideners-v1 7.0.7+1fb1cde953
	- fabricloader 0.19.3
	   \-- mixinextras 0.5.4
	- java 21
	- minecraft 1.21.11
	- thunderdlc 6.7
[07:14:08] [main/INFO]: SpongePowered MIXIN Subsystem Version=0.8.7 Source=file:/C:/Users/akity/OneDrive/Desktop/ThunderDLC/.minecraft/libraries/net/fabricmc/sponge-mixin/0.17.3+mixin.0.8.7/sponge-mixin-0.17.3+mixin.0.8.7.jar Service=Knot/Fabric Env=CLIENT
[07:14:08] [main/INFO]: Compatibility level set to JAVA_21
[07:14:09] [main/INFO]: Initializing MixinExtras via com.llamalad7.mixinextras.service.MixinExtrasServiceImpl(version=0.5.4).
[07:14:10] [Datafixer Bootstrap/INFO]: 287 Datafixer optimizations took 408 milliseconds
[07:14:15] [main/INFO]: Completely ignored arguments: [--windowTitle, ThunderDLC 1.21.11]
[07:14:15] [Render thread/INFO]: Environment: Environment[sessionHost=https://sessionserver.mojang.com, servicesHost=https://api.minecraftservices.com, profilesHost=https://api.mojang.com, name=PROD]
[07:14:15] [Render thread/INFO]: Setting user: Akity
[07:14:15] [Render thread/INFO]: Backend library: LWJGL version 3.3.3-snapshot
[07:14:15] [Download-2/ERROR]: Failed to fetch user properties
com.mojang.authlib.exceptions.InvalidCredentialsException: Status: 401
	at knot//com.mojang.authlib.exceptions.MinecraftClientHttpException.toAuthenticationException(MinecraftClientHttpException.java:59)
	at knot//com.mojang.authlib.yggdrasil.YggdrasilUserApiService.fetchProperties(YggdrasilUserApiService.java:150)
	at knot//net.minecraft.class_310.method_55608(class_310.java:457)
	at java.base/java.util.concurrent.CompletableFuture$AsyncSupply.run(CompletableFuture.java:1768)
	at java.base/java.util.concurrent.ThreadPoolExecutor.runWorker(ThreadPoolExecutor.java:1144)
	at java.base/java.util.concurrent.ThreadPoolExecutor$Worker.run(ThreadPoolExecutor.java:642)
	at java.base/java.lang.Thread.run(Thread.java:1583)
Caused by: com.mojang.authlib.exceptions.MinecraftClientHttpException: Status: 401
	at knot//com.mojang.authlib.minecraft.client.MinecraftClient.readInputStream(MinecraftClient.java:103)
	at knot//com.mojang.authlib.minecraft.client.MinecraftClient.get(MinecraftClient.java:56)
	at knot//com.mojang.authlib.yggdrasil.YggdrasilUserApiService.fetchProperties(YggdrasilUserApiService.java:121)
	... 5 more
[07:14:16] [Render thread/INFO]: Using optional rendering extensions: GL_ARB_buffer_storage, GL_KHR_debug, GL_ARB_vertex_attrib_binding, GL_ARB_direct_state_access, GL_EXT_texture_filter_anisotropic
[07:14:17] [Render thread/INFO]: Reloading ResourceManager: vanilla, fabric-api, fabric-api-base, fabric-api-lookup-api-v1, fabric-biome-api-v1, fabric-block-api-v1, fabric-block-view-api-v2, fabric-command-api-v2, fabric-content-registries-v0, fabric-convention-tags-v1, fabric-convention-tags-v2, fabric-crash-report-info-v1, fabric-data-attachment-api-v1, fabric-data-generation-api-v1, fabric-dimensions-v1, fabric-entity-events-v1, fabric-events-interaction-v0, fabric-game-rule-api-v1, fabric-item-api-v1, fabric-item-group-api-v1, fabric-key-binding-api-v1, fabric-lifecycle-events-v1, fabric-loot-api-v2, fabric-loot-api-v3, fabric-message-api-v1, fabric-networking-api-v1, fabric-object-builder-api-v1, fabric-particles-v1, fabric-recipe-api-v1, fabric-registry-sync-v0, fabric-rendering-fluids-v1, fabric-rendering-v1, fabric-resource-conditions-api-v1, fabric-resource-loader-v0, fabric-resource-loader-v1, fabric-screen-api-v1, fabric-screen-handler-api-v1, fabric-serialization-api-v1, fabric-sound-api-v1, fabric-tag-api-v1, fabric-transfer-api-v1, fabric-transitive-access-wideners-v1, fabricloader, thunderdlc
[07:14:17] [Download-1/INFO]: Could not authorize you against Realms server: java.lang.RuntimeException: Failed to parse into SignedJWT: 0
[07:14:17] [Download-1/ERROR]: Failed to fetch Realms feature flags
net.minecraft.class_4355: Realms authentication error with message 'java.lang.RuntimeException: Failed to parse into SignedJWT: 0'
	at knot//net.minecraft.class_4341.method_20998(class_4341.java:526)
	at knot//net.minecraft.class_4341.method_68466(class_4341.java:186)
	at java.base/java.util.concurrent.CompletableFuture$AsyncSupply.run(CompletableFuture.java:1768)
	at java.base/java.util.concurrent.ThreadPoolExecutor.runWorker(ThreadPoolExecutor.java:1144)
	at java.base/java.util.concurrent.ThreadPoolExecutor$Worker.run(ThreadPoolExecutor.java:642)
	at java.base/java.lang.Thread.run(Thread.java:1583)
[07:14:17] [Worker-Main-10/INFO]: Found unifont_all_no_pua-17.0.01.hex, loading
[07:14:17] [Worker-Main-2/INFO]: Found unifont_pua-17.0.01.hex, loading
[07:14:17] [Worker-Main-10/INFO]: Found unifont_jp_patch-17.0.01.hex, loading
[07:14:18] [Render thread/INFO]: OpenAL initialized on device OpenAL Soft on SteelSeries Sonar - Gaming (SteelSeries Sonar Virtual Audio Device)
[07:14:18] [Render thread/INFO]: Sound engine started
[07:14:18] [Render thread/INFO]: Created: 512x256x0 minecraft:textures/atlas/particles.png-atlas
[07:14:18] [Render thread/INFO]: Created: 128x128x0 minecraft:textures/atlas/decorated_pot.png-atlas
[07:14:18] [Render thread/INFO]: Created: 2048x1024x0 minecraft:textures/atlas/armor_trims.png-atlas
[07:14:18] [Render thread/INFO]: Created: 512x256x0 minecraft:textures/atlas/paintings.png-atlas
[07:14:18] [Render thread/INFO]: Created: 1024x512x0 minecraft:textures/atlas/shield_patterns.png-atlas
[07:14:18] [Render thread/INFO]: Created: 2048x2048x4 minecraft:textures/atlas/blocks.png-atlas
[07:14:18] [Render thread/INFO]: Created: 512x512x0 minecraft:textures/atlas/chest.png-atlas
[07:14:18] [Render thread/INFO]: Created: 256x128x0 minecraft:textures/atlas/celestials.png-atlas
[07:14:18] [Render thread/INFO]: Created: 1024x512x0 minecraft:textures/atlas/banner_patterns.png-atlas
[07:14:18] [Render thread/INFO]: Created: 512x512x0 minecraft:textures/atlas/beds.png-atlas
[07:14:18] [Render thread/INFO]: Created: 1024x512x0 minecraft:textures/atlas/items.png-atlas
[07:14:18] [Render thread/INFO]: Created: 1024x1024x0 minecraft:textures/atlas/gui.png-atlas
[07:14:18] [Render thread/INFO]: Created: 128x64x0 minecraft:textures/atlas/map_decorations.png-atlas
[07:14:18] [Render thread/INFO]: Created: 512x256x0 minecraft:textures/atlas/signs.png-atlas
[07:14:18] [Render thread/INFO]: Created: 512x512x0 minecraft:textures/atlas/shulker_boxes.png-atlas
[07:14:19] [IO-Worker-1/INFO]: Could not authorize you against Realms server: java.lang.RuntimeException: Failed to parse into SignedJWT: 0
[07:14:19] [IO-Worker-1/ERROR]: Couldn't connect to realms
net.minecraft.class_4355: Realms authentication error with message 'java.lang.RuntimeException: Failed to parse into SignedJWT: 0'
	at knot//net.minecraft.class_4341.method_20998(class_4341.java:526)
	at knot//net.minecraft.class_4341.method_21027(class_4341.java:307)
	at knot//net.minecraft.class_8647.method_52627(class_8647.java:48)
	at java.base/java.util.concurrent.CompletableFuture$AsyncSupply.run(CompletableFuture.java:1768)
	at java.base/java.util.concurrent.ThreadPoolExecutor.runWorker(ThreadPoolExecutor.java:1144)
	at java.base/java.util.concurrent.ThreadPoolExecutor$Worker.run(ThreadPoolExecutor.java:642)
	at java.base/java.lang.Thread.run(Thread.java:1583)
[07:14:20] [Render thread/INFO]: [STDERR]: java.io.IOException: Bad PNG Signature
[07:14:20] [Render thread/INFO]: [STDERR]: 	at knot//net.minecraft.class_8800.method_54945(class_8800.java:53)
[07:14:20] [Render thread/INFO]: [STDERR]: 	at knot//net.minecraft.class_1011.method_4303(class_1011.java:156)
[07:14:20] [Render thread/INFO]: [STDERR]: 	at knot//net.minecraft.class_1011.method_4310(class_1011.java:111)
[07:14:20] [Render thread/INFO]: [STDERR]: 	at knot//net.minecraft.class_1011.method_4309(class_1011.java:103)
[07:14:20] [Render thread/INFO]: [STDERR]: 	at knot//FTMods.thunderdlc.client.gui.CustomBackgroundManager.loadBackground(CustomBackgroundManager.java:54)
[07:14:20] [Render thread/INFO]: [STDERR]: 	at knot//FTMods.thunderdlc.client.gui.CustomBackgroundManager.render(CustomBackgroundManager.java:149)
[07:14:20] [Render thread/INFO]: [STDERR]: 	at knot//net.minecraft.class_442.handler$baa000$thunderdlc$onRender(class_442.java:587)
[07:14:20] [Render thread/INFO]: [STDERR]: 	at knot//net.minecraft.class_442.method_25394(class_442.java)
[07:14:20] [Render thread/INFO]: [STDERR]: 	at knot//net.minecraft.class_437.method_47413(class_437.java:119)
[07:14:20] [Render thread/INFO]: [STDERR]: 	at knot//net.minecraft.class_425.method_25394(class_425.java:84)
[07:14:20] [Render thread/INFO]: [STDERR]: 	at knot//net.minecraft.class_757.method_3192(class_757.java:526)
[07:14:20] [Render thread/INFO]: [STDERR]: 	at knot//net.minecraft.class_310.method_1523(class_310.java:1393)
[07:14:20] [Render thread/INFO]: [STDERR]: 	at knot//net.minecraft.class_310.method_1514(class_310.java:966)
[07:14:20] [Render thread/INFO]: [STDERR]: 	at knot//net.minecraft.client.main.Main.main(Main.java:250)
[07:14:20] [Render thread/INFO]: [STDERR]: 	at net.fabricmc.loader.impl.game.minecraft.MinecraftGameProvider.launch(MinecraftGameProvider.java:514)
[07:14:20] [Render thread/INFO]: [STDERR]: 	at net.fabricmc.loader.impl.launch.knot.Knot.launch(Knot.java:72)
[07:14:20] [Render thread/INFO]: [STDERR]: 	at net.fabricmc.loader.impl.launch.knot.KnotClient.main(KnotClient.java:23)
[07:14:22] [Render thread/INFO]: Connecting to funtime.su, 25565
[07:14:23] [Download-1/ERROR]: Failed to retrieve profile key pair
com.mojang.authlib.exceptions.MinecraftClientHttpException: Status: 401
	at knot//com.mojang.authlib.minecraft.client.MinecraftClient.readInputStream(MinecraftClient.java:103)
	at knot//com.mojang.authlib.minecraft.client.MinecraftClient.post(MinecraftClient.java:64)
	at knot//com.mojang.authlib.yggdrasil.YggdrasilUserApiService.getKeyPair(YggdrasilUserApiService.java:61)
	at knot//net.minecraft.class_7434.method_43605(class_7434.java:128)
	at knot//net.minecraft.class_7434.method_44291(class_7434.java:77)
	at java.base/java.util.concurrent.CompletableFuture$AsyncSupply.run(CompletableFuture.java:1768)
	at java.base/java.util.concurrent.ThreadPoolExecutor.runWorker(ThreadPoolExecutor.java:1144)
	at java.base/java.util.concurrent.ThreadPoolExecutor$Worker.run(ThreadPoolExecutor.java:642)
	at java.base/java.lang.Thread.run(Thread.java:1583)
[07:14:23] [Render thread/INFO]: [System] [CHAT] [✾] Успешная авторизация! Приятной игры!
[07:14:24] [Render thread/INFO]: [System] [CHAT]  ╔═════ ★ FunTime.su ★ ═══╗
[07:14:24] [Render thread/INFO]: [System] [CHAT]  ║
[07:14:24] [Render thread/INFO]: [System] [CHAT]  ║ Добро пожаловать на FunTime
[07:14:24] [Render thread/INFO]: [System] [CHAT]  ║ Наши социальные сети – /links
[07:14:24] [Render thread/INFO]: [System] [CHAT]  ║ Приятной игры и новых побед!
[07:14:24] [Render thread/INFO]: [System] [CHAT]  ║
[07:14:24] [Render thread/INFO]: [System] [CHAT]  ╚═══════════════════╝
[07:14:24] [Render thread/WARN]: Ignoring player info update for unknown player e33e4b0f-a453-388e-91e3-2cd68d78494a ([UPDATE_LATENCY])
[07:14:24] [Render thread/INFO]: Resizing Dynamic Transforms UBO, capacity limit of 2 reached during a single frame. New capacity will be 4.
[07:14:24] [Render thread/INFO]: Resizing Dynamic Transforms UBO, capacity limit of 4 reached during a single frame. New capacity will be 8.
[07:14:24] [Worker-Main-3/ERROR]: Failed to verify signature on property Property[name=textures, value=ewogICJ0aW1lc3RhbXAiIDogMTc1MDI3ODY0MTkwMCwKICAicHJvZmlsZUlkIiA6ICIxNzRjZmRiNGEzY2I0M2I1YmZjZGU0MjRjM2JiMmM2ZSIsCiAgInByb2ZpbGVOYW1lIiA6ICJtYXJhZWwxOCIsCiAgInNpZ25hdHVyZVJlcXVpcmVkIiA6IHRydWUsCiAgInRleHR1cmVzIiA6IHsKICAgICJTS0lOIiA6IHsKICAgICAgInVybCIgOiAiaHR0cDovL3RleHR1cmVzLm1pbmVjcmFmdC5uZXQvdGV4dHVyZS9lN2E3YWU3Y2RjZjYxNmU4YjdhNDIyMWE2MjFiMjQzNTc1M2M2MGVkNmEyNThlYTA2MGRhZTMwMDJmZmU5ZTI4IiwKICAgICAgIm1ldGFkYXRhIiA6IHsKICAgICAgICAibW9kZWwiIDogInNsaW0iCiAgICAgIH0KICAgIH0KICB9Cn0=, signature=]
java.security.SignatureException: Bad signature length: got 0 but was expecting 512
	at java.base/sun.security.rsa.RSASignature.engineVerify(RSASignature.java:212)
	at java.base/java.security.Signature$Delegate.engineVerify(Signature.java:1422)
	at java.base/java.security.Signature.verify(Signature.java:790)
	at knot//com.mojang.authlib.yggdrasil.YggdrasilServicesKeyInfo.validateProperty(YggdrasilServicesKeyInfo.java:165)
	at knot//com.mojang.authlib.yggdrasil.YggdrasilMinecraftSessionService.lambda$getPropertySignatureState$0(YggdrasilMinecraftSessionService.java:185)
	at java.base/java.util.stream.MatchOps$1MatchSink.accept(MatchOps.java:90)
	at java.base/java.util.AbstractList$RandomAccessSpliterator.tryAdvance(AbstractList.java:708)
	at java.base/java.util.stream.ReferencePipeline.forEachWithCancel(ReferencePipeline.java:129)
	at java.base/java.util.stream.AbstractPipeline.copyIntoWithCancel(AbstractPipeline.java:527)
	at java.base/java.util.stream.AbstractPipeline.copyInto(AbstractPipeline.java:513)
	at java.base/java.util.stream.AbstractPipeline.wrapAndCopyInto(AbstractPipeline.java:499)
	at java.base/java.util.stream.MatchOps$MatchOp.evaluateSequential(MatchOps.java:230)
	at java.base/java.util.stream.MatchOps$MatchOp.evaluateSequential(MatchOps.java:196)
	at java.base/java.util.stream.AbstractPipeline.evaluate(AbstractPipeline.java:234)
	at java.base/java.util.stream.ReferencePipeline.noneMatch(ReferencePipeline.java:642)
	at knot//com.mojang.authlib.yggdrasil.YggdrasilMinecraftSessionService.getPropertySignatureState(YggdrasilMinecraftSessionService.java:185)
	at knot//com.mojang.authlib.yggdrasil.YggdrasilMinecraftSessionService.unpackTextures(YggdrasilMinecraftSessionService.java:128)
	at knot//net.minecraft.class_1071$1.method_54647(class_1071.java:60)
	at java.base/java.util.concurrent.CompletableFuture$AsyncSupply.run(CompletableFuture.java:1768)
	at java.base/java.util.concurrent.CompletableFuture$AsyncSupply.exec(CompletableFuture.java:1760)
	at java.base/java.util.concurrent.ForkJoinTask.doExec(ForkJoinTask.java:387)
	at java.base/java.util.concurrent.ForkJoinPool$WorkQueue.topLevelExec(ForkJoinPool.java:1312)
	at java.base/java.util.concurrent.ForkJoinPool.scan(ForkJoinPool.java:1843)
	at java.base/java.util.concurrent.ForkJoinPool.runWorker(ForkJoinPool.java:1808)
	at java.base/java.util.concurrent.ForkJoinWorkerThread.run(ForkJoinWorkerThread.java:188)
[07:14:24] [Worker-Main-3/ERROR]: Failed to verify signature on property Property[name=textures, value=ewogICJ0aW1lc3RhbXAiIDogMTc1MDI3ODY0MTkwMCwKICAicHJvZmlsZUlkIiA6ICIxNzRjZmRiNGEzY2I0M2I1YmZjZGU0MjRjM2JiMmM2ZSIsCiAgInByb2ZpbGVOYW1lIiA6ICJtYXJhZWwxOCIsCiAgInNpZ25hdHVyZVJlcXVpcmVkIiA6IHRydWUsCiAgInRleHR1cmVzIiA6IHsKICAgICJTS0lOIiA6IHsKICAgICAgInVybCIgOiAiaHR0cDovL3RleHR1cmVzLm1pbmVjcmFmdC5uZXQvdGV4dHVyZS9lN2E3YWU3Y2RjZjYxNmU4YjdhNDIyMWE2MjFiMjQzNTc1M2M2MGVkNmEyNThlYTA2MGRhZTMwMDJmZmU5ZTI4IiwKICAgICAgIm1ldGFkYXRhIiA6IHsKICAgICAgICAibW9kZWwiIDogInNsaW0iCiAgICAgIH0KICAgIH0KICB9Cn0=, signature=]
java.security.SignatureException: Bad signature length: got 0 but was expecting 512
	at java.base/sun.security.rsa.RSASignature.engineVerify(RSASignature.java:212)
	at java.base/java.security.Signature$Delegate.engineVerify(Signature.java:1422)
	at java.base/java.security.Signature.verify(Signature.java:790)
	at knot//com.mojang.authlib.yggdrasil.YggdrasilServicesKeyInfo.validateProperty(YggdrasilServicesKeyInfo.java:165)
	at knot//com.mojang.authlib.yggdrasil.YggdrasilMinecraftSessionService.lambda$getPropertySignatureState$0(YggdrasilMinecraftSessionService.java:185)
	at java.base/java.util.stream.MatchOps$1MatchSink.accept(MatchOps.java:90)
	at java.base/java.util.AbstractList$RandomAccessSpliterator.tryAdvance(AbstractList.java:708)
	at java.base/java.util.stream.ReferencePipeline.forEachWithCancel(ReferencePipeline.java:129)
	at java.base/java.util.stream.AbstractPipeline.copyIntoWithCancel(AbstractPipeline.java:527)
	at java.base/java.util.stream.AbstractPipeline.copyInto(AbstractPipeline.java:513)
	at java.base/java.util.stream.AbstractPipeline.wrapAndCopyInto(AbstractPipeline.java:499)
	at java.base/java.util.stream.MatchOps$MatchOp.evaluateSequential(MatchOps.java:230)
	at java.base/java.util.stream.MatchOps$MatchOp.evaluateSequential(MatchOps.java:196)
	at java.base/java.util.stream.AbstractPipeline.evaluate(AbstractPipeline.java:234)
	at java.base/java.util.stream.ReferencePipeline.noneMatch(ReferencePipeline.java:642)
	at knot//com.mojang.authlib.yggdrasil.YggdrasilMinecraftSessionService.getPropertySignatureState(YggdrasilMinecraftSessionService.java:185)
	at knot//com.mojang.authlib.yggdrasil.YggdrasilMinecraftSessionService.unpackTextures(YggdrasilMinecraftSessionService.java:128)
	at knot//net.minecraft.class_1071$1.method_54647(class_1071.java:60)
	at java.base/java.util.concurrent.CompletableFuture$AsyncSupply.run(CompletableFuture.java:1768)
	at java.base/java.util.concurrent.CompletableFuture$AsyncSupply.exec(CompletableFuture.java:1760)
	at java.base/java.util.concurrent.ForkJoinTask.doExec(ForkJoinTask.java:387)
	at java.base/java.util.concurrent.ForkJoinPool$WorkQueue.topLevelExec(ForkJoinPool.java:1312)
	at java.base/java.util.concurrent.ForkJoinPool.scan(ForkJoinPool.java:1843)
	at java.base/java.util.concurrent.ForkJoinPool.runWorker(ForkJoinPool.java:1808)
	at java.base/java.util.concurrent.ForkJoinWorkerThread.run(ForkJoinWorkerThread.java:188)
[07:14:24] [Worker-Main-3/WARN]: Profile contained invalid signature for textures property (profile id: b5c94492-9b06-4bbf-a10c-997f9e9d008c)
[07:14:24] [Render thread/INFO]: Resizing Chunk Sections UBO, capacity limit of 2 reached during a single frame. New capacity will be 8.
[07:14:24] [Render thread/INFO]: Resizing Dynamic Transforms UBO, capacity limit of 8 reached during a single frame. New capacity will be 16.
[07:14:24] [Render thread/INFO]: Resizing Chunk Sections UBO, capacity limit of 8 reached during a single frame. New capacity will be 16.
[07:14:24] [Render thread/INFO]: Resizing Chunk Sections UBO, capacity limit of 16 reached during a single frame. New capacity will be 32.
[07:14:24] [Render thread/INFO]: Resizing Chunk Sections UBO, capacity limit of 32 reached during a single frame. New capacity will be 64.
[07:14:24] [Render thread/INFO]: Resizing Chunk Sections UBO, capacity limit of 64 reached during a single frame. New capacity will be 128.
[07:14:25] [Render thread/INFO]: [System] [CHAT] §8[§fThDLC§8] §7Проверка ивентов: §f/event delay
[07:14:36] [Render thread/INFO]: [System] [CHAT] \n ⚡ Наш Дискорд dd.FunTime.su\n
[07:14:42] [Render thread/INFO]: [System] [CHAT] §8[§fThDLC§8] §7Ник §fDafolt_0 §7скопирован
[07:14:47] [Render thread/INFO]: Resizing Dynamic Transforms UBO, capacity limit of 16 reached during a single frame. New capacity will be 32.
[07:14:49] [Render thread/INFO]: [System] [CHAT] ⚡ Режим полета игрока Akity теперь включен
[07:14:50] [Render thread/INFO]: [System] [CHAT] §4§l[РЕПОРТЫ] §fЖалоба на §6skibidi_ohaeshka§f за §cчит §fфильтр - §cобщий вес §f(§6Скопировать§f)
[07:14:50] [Render thread/INFO]: [System] [CHAT] [⚠] Данной команды не существует!
[07:14:51] [Render thread/INFO]: [System] [CHAT] §8[§fThDLC§8] §7Проверка ивентов: §f/event delay
[07:14:51] [Render thread/INFO]: [System] [CHAT] [⚠] Данной команды не существует!
[07:14:51] [Render thread/INFO]: Resizing Chunk Sections UBO, capacity limit of 128 reached during a single frame. New capacity will be 256.
[07:14:54] [Render thread/INFO]: Resizing Chunk Sections UBO, capacity limit of 256 reached during a single frame. New capacity will be 512.
[07:14:57] [Render thread/INFO]: [System] [CHAT] \n[$] Продажа ⇨ /ah unknown_thief (unknown_thief)\n
[07:14:57] [Render thread/INFO]: [System] [CHAT] ⦏Объявление⦐ /dm open unknown_thief [Автор: unknown_thief]
[07:15:01] [Render thread/INFO]: [System] [CHAT] Ⓖ <CEDF> [Князь] England812 ⇨ all /ah England812
[07:15:06] [Render thread/INFO]: [System] [CHAT] ⦏Объявление⦐ all принимаю подгоны на рек в тт (900 сабов) буду благодарен каждому [Автор: England812]
[07:15:10] [Render thread/INFO]: [System] [CHAT] Ⓖ <vip4> ⟅Герцог⟆ vip987 Сатана ⇨ all скиньте 10kk
[07:15:16] [Render thread/INFO]: [System] [CHAT] \n[$] Реклама ⇨ all /ah S8O1 явная пыль (S8O1)\n
[07:15:18] [Render thread/WARN]: Received passengers for unknown entity
[07:15:24] [Render thread/INFO]: [System] [CHAT] [⚠] Данной команды не существует!
[07:15:29] [Render thread/INFO]: [System] [CHAT] §4§l[РЕПОРТЫ] §fЖалоба на §6MONESU_jaguars1§f за §cчит §fфильтр - §cперсональный вес §f(§6Скопировать§f)
[07:15:43] [Render thread/INFO]: [System] [CHAT] Ⓖ [Игрок] pvpeshert228 ⇨ тп кому сет круш кара
[07:15:43] [Render thread/INFO]: [System] [CHAT] §4§l[РЕПОРТЫ] §fЖалоба на §6l7a1k038hl§f за §cчит §fфильтр - §cперсональный вес §f(§6Скопировать§f)
[07:15:58] [Render thread/INFO]: [System] [CHAT] \n[$] Продажа ⇨ /ah unknown_thief (unknown_thief)\n
[07:15:58] [Render thread/INFO]: [System] [CHAT] ⦏Объявление⦐ /dm open unknown_thief [Автор: unknown_thief]
[07:16:04] [Render thread/INFO]: [System] [CHAT]  ╔═══╦═╦══╦═╦══╦══╦══╦══╗\n ║\n ║     |||   [Гейзер]   |||\n ║   Уровень лута: Солидный\n ║   Появится уже через 3 минуты!\n ║\n ╚═══╩═╩══╩═╩══╩══╩══╩══╝
[07:16:06] [Render thread/INFO]: [System] [CHAT] \n[$] Реклама ⇨ all /ah S8O1 явная пыль (S8O1)\n
[07:16:08] [Render thread/INFO]: [System] [CHAT] Ⓛ [Игрок] pvpeshert228 ⇨ пиздец
[07:16:10] [Render thread/INFO]: [System] [CHAT] Ⓖ <vip4> ⟅Герцог⟆ vip987 Сатана ⇨ all скиньте 10kk
[07:16:12] [Render thread/INFO]: [System] [CHAT] §4§l[РЕПОРТЫ] §fЖалоба на §6Astra2057§f за §cчит §fфильтр - §cобщий вес §f(§6Скопировать§f)
[07:16:13] [Render thread/INFO]: [System] [CHAT] Ⓖ [Глава] markoeg ⇨ я первый
[07:16:13] [Render thread/INFO]: [System] [CHAT] Ⓛ [Игрок] pvpeshert228 ⇨ какие вы дауны
[07:16:24] [Render thread/INFO]: [System] [CHAT] Ⓛ [Игрок] pvpeshert228 ⇨ что
[07:16:26] [Render thread/INFO]: [System] [CHAT] §4§l[РЕПОРТЫ] §fЖалоба на §6skibidi_ohaeshka§f за §cчит §fфильтр - §cобщий вес §f(§6Скопировать§f)
[07:16:31] [Render thread/INFO]: [System] [CHAT] Ⓛ [Игрок] h1ldr3yn ⇨ ну и че
[07:16:32] [Render thread/INFO]: [System] [CHAT] Ⓛ <123te> [Игрок] YarikPuzatiy ⇨ c
[07:16:36] [Render thread/INFO]: [Not Secure] [CHAT] Ⓛ [Игрок] h1ldr3yn ⇨ нахуя ты писал чет
[07:16:37] [Render thread/INFO]: [System] [CHAT] §4§l[РЕПОРТЫ] §fЖалоба на §6pereqqiigo§f за §cчит §fфильтр - §cперсональный вес §f(§6Скопировать§f)
[07:16:48] [Render thread/INFO]: [System] [CHAT] Ⓛ [Игрок] pvpeshert228 ⇨ посмотреть какие дауны вы
[07:16:56] [Render thread/INFO]: [System] [CHAT] \n[$] Реклама ⇨ all /ah S8O1 явная пыль (S8O1)\n
[07:16:58] [Render thread/INFO]: [System] [CHAT] \n[$] Продажа ⇨ /ah unknown_thief (unknown_thief)\n
[07:16:58] [Render thread/INFO]: [System] [CHAT] ⦏Объявление⦐ /dm open unknown_thief [Автор: unknown_thief]
[07:16:58] [Render thread/INFO]: [System] [CHAT] Ⓛ [Игрок] h1ldr3yn ⇨ тип если че в безпочке хаоска сидит
[07:17:02] [Render thread/INFO]: [System] [CHAT] §4§l[РЕПОРТЫ] §fЖалоба на §61j0l§f за §cчит §fфильтр - §cперсональный вес §f(§6Скопировать§f)
[07:17:03] [Render thread/INFO]: [System] [CHAT] Ⓖ <ропф> [Сквид] kachaiMAX Драчун ⇨  на моем ах ботинки попрыгуна за 10кк!
[07:17:10] [Render thread/INFO]: [System] [CHAT] Ⓖ <vip4> ⟅Герцог⟆ vip987 Сатана ⇨ all скиньте 10kk
[07:17:14] [Render thread/INFO]: [System] [CHAT] Ⓛ [Игрок] pvpeshert228 ⇨ свинька жирная рот закрой звхазхваз
[07:17:18] [Render thread/INFO]: [System] [CHAT] Ⓛ [Игрок] pvpeshert228 ⇨ нищита
[07:17:21] [Render thread/INFO]: [System] [CHAT] Ⓛ [Игрок] h1ldr3yn ⇨ ебу твой рот сын шлюхи
[07:17:34] [Render thread/INFO]: [System] [CHAT] Ⓖ <Menta> ｟Герцог｠ Mental_v_bane Сволочь ⇨  -ez
[07:17:35] [Render thread/INFO]: [System] [CHAT] §4§l[РЕПОРТЫ] §fЖалоба на §6Bodik453§f за §cчит §fфильтр - §cобщий вес §f(§6Скопировать§f)
[07:17:37] [Render thread/INFO]: [System] [CHAT] §4§l[РЕПОРТЫ] §fЖалоба на §6simens211§f за §cчит §fфильтр - §cперсональный вес §f(§6Скопировать§f)
[07:17:40] [Render thread/INFO]: [System] [CHAT] Ⓛ [Игрок] h1ldr3yn ⇨ ты наверняка за неделю себе на сет этот нашкреб
[07:17:41] [Render thread/INFO]: [System] [CHAT] Ⓖ <CEDF> [Князь] England812 ⇨ all /ah England812
[07:17:44] [Render thread/INFO]: [System] [CHAT] Ⓛ [Игрок] pvpeshert228 ⇨ ротовыебаный сын хуилы ебливый я взял заблевоную твою матуху пузо вспорол
[07:17:46] [Render thread/INFO]: [System] [CHAT] \n[$] Реклама ⇨ all /ah S8O1 явная пыль (S8O1)\n
[07:17:52] [Render thread/INFO]: [System] [CHAT] Ⓖ [Князь] Pensilbegemota Дурак ⇨ надо чет кому то починить бесплатно
[07:17:58] [Render thread/INFO]: [System] [CHAT] \n[$] Продажа ⇨ /ah unknown_thief (unknown_thief)\n
[07:17:58] [Render thread/INFO]: [System] [CHAT] ⦏Объявление⦐ /dm open unknown_thief [Автор: unknown_thief]
[07:18:01] [Render thread/INFO]: [System] [CHAT] Ⓖ <dkter> [Игрок] 1onewan2 ⇨  да
[07:18:05] [Render thread/INFO]: [System] [CHAT] Ⓖ [Князь] Pensilbegemota Дурак ⇨ и тп кому нужны ресы
[07:18:09] [Render thread/WARN]: Received passengers for unknown entity
[07:18:10] [Render thread/INFO]: [System] [CHAT] Ⓖ <vip4> ⟅Герцог⟆ vip987 Сатана ⇨ all скиньте 10kk
[07:18:13] [Render thread/INFO]: [System] [CHAT] РД: Запросы сейчас скрыты
[07:18:17] [Render thread/INFO]: [System] [CHAT] §4§l[РЕПОРТЫ] §fЖалоба на §6skibidi_ohaeshka§f за §cчит §fфильтр - §cобщий вес §f(§6Скопировать§f)
[07:18:18] [Render thread/INFO]: [System] [CHAT] [⚠] Данной команды не существует!
[07:18:19] [Render thread/INFO]: [System] [CHAT] [✘] Вы не можете использовать это в этом месте!
[07:18:21] [Render thread/INFO]: [System] [CHAT] §4§l[РЕПОРТЫ] §fЖалоба на §6mabgo_wer§f за §cчит §fфильтр - §cобщий вес §f(§6Скопировать§f)
[07:18:22] [Render thread/INFO]: [System] [CHAT] [⚠] Данной команды не существует!
[07:18:24] [Render thread/INFO]: [System] [CHAT] [⚠] Данной команды не существует!
[07:18:33] [Render thread/INFO]: [System] [CHAT] [⚠] Данной команды не существует!
[07:18:36] [Render thread/INFO]: [System] [CHAT] \n[$] Реклама ⇨ all /ah S8O1 явная пыль (S8O1)\n
[07:18:42] [Render thread/INFO]: [System] [CHAT] Ⓖ [Князь] Pensilbegemota Дурак ⇨ тп если надо чет кому то починить бесплатно/получить ресы
[07:18:52] [Render thread/INFO]: [System] [CHAT] Ⓖ <ропф> [Сквид] kachaiMAX Драчун ⇨  на моем ах ботинки попрыгуна за 10кк!
[07:18:56] [Render thread/INFO]: [System] [CHAT] Ⓖ [Игрок] deluxe___ ⇨ all обса по 79к на моем ah
[07:18:58] [Render thread/INFO]: [System] [CHAT] \n[$] Продажа ⇨ /ah unknown_thief (unknown_thief)\n
[07:18:58] [Render thread/INFO]: [System] [CHAT] ⦏Объявление⦐ /dm open unknown_thief [Автор: unknown_thief]
[07:19:02] [Render thread/WARN]: Received passengers for unknown entity
[07:19:04] [Render thread/INFO]: [System] [CHAT]  ╔═══╦═╦══╦═╦══╦══╦══╦══╗\n ║\n ║     |||   [Гейзер]   |||\n ║   Уровень лута: Солидный\n ║   Появился на координатах -495 64 -1949\n ║\n ╚═══╩═╩══╩═╩══╩══╩══╩══╝
[07:19:08] [Render thread/INFO]: [System] [CHAT] §4§l[РЕПОРТЫ] §fЖалоба на §6Astra2057§f за §cчит §fфильтр - §cобщий вес §f(§6Скопировать§f)
[07:19:09] [Render thread/INFO]: [System] [CHAT] §4§l[РЕПОРТЫ] §fЖалоба на §6mabgo_wer§f за §cчит §fфильтр - §cобщий вес §f(§6Скопировать§f)
[07:19:11] [Render thread/INFO]: [Not Secure] [CHAT] Ⓖ <vip4> ⟅Герцог⟆ vip987 Сатана ⇨ all скиньте 10kk
[07:19:11] [Download-10/WARN]: Couldn't look up profile properties for 20ab2dfd-8be5-4c1b-b711-e2d2e64589ec
com.mojang.authlib.exceptions.MinecraftClientException: Failed to read from https://sessionserver.mojang.com/session/minecraft/profile/20ab2dfd8be54c1bb711e2d2e64589ec?unsigned=false due to Read timed out
	at knot//com.mojang.authlib.minecraft.client.MinecraftClient.readInputStream(MinecraftClient.java:111)
	at knot//com.mojang.authlib.minecraft.client.MinecraftClient.get(MinecraftClient.java:56)
	at knot//com.mojang.authlib.yggdrasil.YggdrasilMinecraftSessionService.fetchProfileUncached(YggdrasilMinecraftSessionService.java:197)
	at knot//com.mojang.authlib.yggdrasil.YggdrasilMinecraftSessionService.fetchProfile(YggdrasilMinecraftSessionService.java:167)
	at knot//net.minecraft.class_11755$class_11579$1.method_73291(class_11755.java:44)
	at knot//net.minecraft.class_11755$class_11579$1.load(class_11755.java:41)
	at knot//com.google.common.cache.LocalCache$LoadingValueReference.loadFuture(LocalCache.java:3556)
	at knot//com.google.common.cache.LocalCache$Segment.loadSync(LocalCache.java:2307)
	at knot//com.google.common.cache.LocalCache$Segment.lockedGetOrLoad(LocalCache.java:2180)
	at knot//com.google.common.cache.LocalCache$Segment.get(LocalCache.java:2071)
	at knot//com.google.common.cache.LocalCache.get(LocalCache.java:3985)
	at knot//com.google.common.cache.LocalCache.getOrLoad(LocalCache.java:4006)
	at knot//com.google.common.cache.LocalCache$LocalLoadingCache.get(LocalCache.java:4946)
	at knot//com.google.common.cache.LocalCache$LocalLoadingCache.getUnchecked(LocalCache.java:4953)
	at knot//net.minecraft.class_11755$class_11579$2.method_73292(class_11755.java:57)
	at java.base/java.util.Optional.flatMap(Optional.java:289)
	at knot//net.minecraft.class_11755$class_11579$2.method_73293(class_11755.java:57)
	at knot//net.minecraft.class_11755$class_11579$2.load(class_11755.java:52)
	at knot//com.google.common.cache.LocalCache$LoadingValueReference.loadFuture(LocalCache.java:3556)
	at knot//com.google.common.cache.LocalCache$Segment.loadSync(LocalCache.java:2307)
	at knot//com.google.common.cache.LocalCache$Segment.lockedGetOrLoad(LocalCache.java:2180)
	at knot//com.google.common.cache.LocalCache$Segment.get(LocalCache.java:2071)
	at knot//com.google.common.cache.LocalCache.get(LocalCache.java:3985)
	at knot//com.google.common.cache.LocalCache.getOrLoad(LocalCache.java:4006)
	at knot//com.google.common.cache.LocalCache$LocalLoadingCache.get(LocalCache.java:4946)
	at knot//com.google.common.cache.LocalCache$LocalLoadingCache.getUnchecked(LocalCache.java:4953)
	at knot//net.minecraft.class_11755$class_11579.method_73289(class_11755.java:65)
	at knot//net.minecraft.class_11784.method_73289(class_11784.java:36)
	at knot//com.mojang.datafixers.util.Either$Left.map(Either.java:38)
	at knot//net.minecraft.class_11755.method_73288(class_11755.java:27)
	at knot//net.minecraft.class_9296$class_11756.method_73318(class_9296.java:237)
	at java.base/java.util.concurrent.CompletableFuture$AsyncSupply.run(CompletableFuture.java:1768)
	at java.base/java.util.concurrent.ThreadPoolExecutor.runWorker(ThreadPoolExecutor.java:1144)
	at java.base/java.util.concurrent.ThreadPoolExecutor$Worker.run(ThreadPoolExecutor.java:642)
	at java.base/java.lang.Thread.run(Thread.java:1583)
Caused by: java.net.SocketTimeoutException: Read timed out
	at java.base/sun.nio.ch.NioSocketImpl.timedRead(NioSocketImpl.java:278)
	at java.base/sun.nio.ch.NioSocketImpl.implRead(NioSocketImpl.java:304)
	at java.base/sun.nio.ch.NioSocketImpl.read(NioSocketImpl.java:346)
	at java.base/sun.nio.ch.NioSocketImpl$1.read(NioSocketImpl.java:796)
	at java.base/java.net.Socket$SocketInputStream.read(Socket.java:1099)
	at java.base/sun.security.ssl.SSLSocketInputRecord.read(SSLSocketInputRecord.java:489)
	at java.base/sun.security.ssl.SSLSocketInputRecord.readHeader(SSLSocketInputRecord.java:483)
	at java.base/sun.security.ssl.SSLSocketInputRecord.bytesInCompletePacket(SSLSocketInputRecord.java:70)
	at java.base/sun.security.ssl.SSLSocketImpl.readApplicationRecord(SSLSocketImpl.java:1461)
	at java.base/sun.security.ssl.SSLSocketImpl$AppInputStream.read(SSLSocketImpl.java:1066)
	at java.base/java.io.BufferedInputStream.fill(BufferedInputStream.java:291)
	at java.base/java.io.BufferedInputStream.read1(BufferedInputStream.java:347)
	at java.base/java.io.BufferedInputStream.implRead(BufferedInputStream.java:420)
	at java.base/java.io.BufferedInputStream.read(BufferedInputStream.java:399)
	at java.base/sun.net.www.http.HttpClient.parseHTTPHeader(HttpClient.java:827)
	at java.base/sun.net.www.http.HttpClient.parseHTTP(HttpClient.java:759)
	at java.base/sun.net.www.protocol.http.HttpURLConnection.getInputStream0(HttpURLConnection.java:1705)
	at java.base/sun.net.www.protocol.http.HttpURLConnection.getInputStream(HttpURLConnection.java:1614)
	at java.base/java.net.HttpURLConnection.getResponseCode(HttpURLConnection.java:531)
	at java.base/sun.net.www.protocol.https.HttpsURLConnectionImpl.getResponseCode(HttpsURLConnectionImpl.java:307)
	at knot//com.mojang.authlib.minecraft.client.MinecraftClient.readInputStream(MinecraftClient.java:82)
	... 34 more
[07:19:21] [Render thread/INFO]: [System] [CHAT] Ⓛ [Герой] 1K3nnyVbane ⇨ Rakopodibnuy
[07:19:25] [Render thread/INFO]: [System] [CHAT] Ⓖ [Игрок] H0NEY1337 ⇨  скиньте лям пж у меня др сегодня
[07:19:26] [Render thread/INFO]: [System] [CHAT] \n[$] Реклама ⇨ all /ah S8O1 явная пыль (S8O1)\n
[07:19:35] [Render thread/INFO]: [System] [CHAT] Ⓛ [Элита] _1WantToDef ⇨ 1
[07:19:35] [Render thread/INFO]: [System] [CHAT] §4§l[РЕПОРТЫ] §fЖалоба на §6mabgo_wer§f за §cчит §fфильтр - §cобщий вес §f(§6Скопировать§f)
[07:19:40] [Render thread/INFO]: [System] [CHAT] Ⓛ [Герой] 1K3nnyVbane ⇨ дай меч
[07:19:44] [Render thread/INFO]: [System] [CHAT] Ⓖ [Игрок] deluxe___ ⇨ тепну на ивент за 50к
[07:19:45] [Render thread/INFO]: [System] [CHAT] Ⓖ <ропф> [Сквид] kachaiMAX Драчун ⇨  тепните н ив пж
[07:19:49] [Render thread/INFO]: [System] [CHAT] Ⓛ <rak> ⦇Герцог⦈ Rakopodibnuy Сволочь ⇨ ето сой
[07:19:56] [Render thread/INFO]: [System] [CHAT] Ⓛ <rak> ⦇Герцог⦈ Rakopodibnuy Сволочь ⇨ ето мой
[07:19:57] [Render thread/INFO]: [System] [CHAT] Ⓖ [Князь] Elik_Ekll Аниматор ⇨  привет
[07:19:57] [Render thread/WARN]: Received passengers for unknown entity
[07:19:58] [Render thread/INFO]: [System] [CHAT] \n[$] Продажа ⇨ /ah unknown_thief (unknown_thief)\n
[07:19:58] [Render thread/INFO]: [System] [CHAT] ⦏Объявление⦐ /dm open unknown_thief [Автор: unknown_thief]
[07:19:59] [Render thread/INFO]: [System] [CHAT] Ⓖ [Игрок] deluxe___ ⇨ тепну на ивент за 50к
[07:20:10] [Render thread/INFO]: [System] [CHAT] Ⓖ <vip4> ⟅Герцог⟆ vip987 Сатана ⇨ all скиньте 10kk
[07:20:11] [Render thread/INFO]: [System] [CHAT] Ⓖ [Князь] Elik_Ekll Аниматор ⇨  привет
[07:20:12] [Render thread/INFO]: [System] [CHAT] Ⓛ <rak> ⦇Герцог⦈ Rakopodibnuy Сволочь ⇨ ето мой
[07:20:12] [Render thread/INFO]: [System] [CHAT] Ⓛ <rak> ⦇Герцог⦈ Rakopodibnuy Сволочь ⇨ ето мой
[07:20:16] [Render thread/INFO]: [System] [CHAT] \n[$] Реклама ⇨ all /ah S8O1 явная пыль (S8O1)\n
[07:20:17] [Render thread/INFO]: [Not Secure] [CHAT] Ⓛ [Игрок] Feitan5rp ⇨ кто тепнит?
[07:20:17] [Download-10/WARN]: Couldn't find profile with name: bara_kapibara3
com.mojang.authlib.exceptions.MinecraftClientHttpException: Couldn't find any profile with name bara_kapibara3
	at knot//com.mojang.authlib.minecraft.client.MinecraftClient.readInputStream(MinecraftClient.java:103)
	at knot//com.mojang.authlib.minecraft.client.MinecraftClient.get(MinecraftClient.java:56)
	at knot//com.mojang.authlib.yggdrasil.YggdrasilGameProfileRepository.findProfileByName(YggdrasilGameProfileRepository.java:110)
	at knot//net.minecraft.class_3312.method_14509(class_3312.java:75)
	at knot//net.minecraft.class_3312.method_14515(class_3312.java:136)
	at knot//net.minecraft.class_11755$class_11579$2.method_73293(class_11755.java:56)
	at knot//net.minecraft.class_11755$class_11579$2.load(class_11755.java:52)
	at knot//com.google.common.cache.LocalCache$LoadingValueReference.loadFuture(LocalCache.java:3556)
	at knot//com.google.common.cache.LocalCache$Segment.loadSync(LocalCache.java:2307)
	at knot//com.google.common.cache.LocalCache$Segment.lockedGetOrLoad(LocalCache.java:2180)
	at knot//com.google.common.cache.LocalCache$Segment.get(LocalCache.java:2071)
	at knot//com.google.common.cache.LocalCache.get(LocalCache.java:3985)
	at knot//com.google.common.cache.LocalCache.getOrLoad(LocalCache.java:4006)
	at knot//com.google.common.cache.LocalCache$LocalLoadingCache.get(LocalCache.java:4946)
	at knot//com.google.common.cache.LocalCache$LocalLoadingCache.getUnchecked(LocalCache.java:4953)
	at knot//net.minecraft.class_11755$class_11579.method_73289(class_11755.java:65)
	at knot//net.minecraft.class_11784.method_73289(class_11784.java:36)
	at knot//com.mojang.datafixers.util.Either$Left.map(Either.java:38)
	at knot//net.minecraft.class_11755.method_73288(class_11755.java:27)
	at knot//net.minecraft.class_9296$class_11756.method_73318(class_9296.java:237)
	at java.base/java.util.concurrent.CompletableFuture$AsyncSupply.run(CompletableFuture.java:1768)
	at java.base/java.util.concurrent.ThreadPoolExecutor.runWorker(ThreadPoolExecutor.java:1144)
	at java.base/java.util.concurrent.ThreadPoolExecutor$Worker.run(ThreadPoolExecutor.java:642)
	at java.base/java.lang.Thread.run(Thread.java:1583)
[07:20:18] [Render thread/INFO]: [System] [CHAT] Ⓛ [Игрок] Simsans ⇨ simsans
[07:20:19] [Render thread/INFO]: [System] [CHAT] Ⓖ [Игрок] deluxe___ ⇨ тепну на ивент за 50к
[07:20:20] [Render thread/INFO]: [Not Secure] [CHAT] Ⓛ <rak> ⦇Герцог⦈ Rakopodibnuy Сволочь ⇨ ето мой
[07:20:20] [Render thread/INFO]: [System] [CHAT] §4§l[РЕПОРТЫ] §fЖалоба на §6KenixYourDream§f за §cчит §fфильтр - §cобщий вес §f(§6Скопировать§f)
[07:20:20] [Render thread/INFO]: [Not Secure] [CHAT] Ⓛ <rak> ⦇Герцог⦈ Rakopodibnuy Сволочь ⇨ ето мой
[07:20:22] [Render thread/WARN]: Received passengers for unknown entity
[07:20:24] [Render thread/WARN]: Received passengers for unknown entity
[07:20:26] [Render thread/INFO]: Reloading ResourceManager: vanilla, fabric-api, fabric-api-base, fabric-api-lookup-api-v1, fabric-biome-api-v1, fabric-block-api-v1, fabric-block-view-api-v2, fabric-command-api-v2, fabric-content-registries-v0, fabric-convention-tags-v1, fabric-convention-tags-v2, fabric-crash-report-info-v1, fabric-data-attachment-api-v1, fabric-data-generation-api-v1, fabric-dimensions-v1, fabric-entity-events-v1, fabric-events-interaction-v0, fabric-game-rule-api-v1, fabric-item-api-v1, fabric-item-group-api-v1, fabric-key-binding-api-v1, fabric-lifecycle-events-v1, fabric-loot-api-v2, fabric-loot-api-v3, fabric-message-api-v1, fabric-networking-api-v1, fabric-object-builder-api-v1, fabric-particles-v1, fabric-recipe-api-v1, fabric-registry-sync-v0, fabric-rendering-fluids-v1, fabric-rendering-v1, fabric-resource-conditions-api-v1, fabric-resource-loader-v0, fabric-resource-loader-v1, fabric-screen-api-v1, fabric-screen-handler-api-v1, fabric-serialization-api-v1, fabric-sound-api-v1, fabric-tag-api-v1, fabric-transfer-api-v1, fabric-transitive-access-wideners-v1, fabricloader, thunderdlc
[07:20:26] [Worker-Main-11/INFO]: Found unifont_all_no_pua-17.0.01.hex, loading
[07:20:26] [Worker-Main-3/INFO]: Found unifont_pua-17.0.01.hex, loading
[07:20:26] [Worker-Main-4/INFO]: Found unifont_jp_patch-17.0.01.hex, loading
[07:20:27] [Render thread/INFO]: OpenAL initialized on device OpenAL Soft on SteelSeries Sonar - Gaming (SteelSeries Sonar Virtual Audio Device)
[07:20:27] [Render thread/INFO]: Sound engine started
[07:20:27] [Render thread/INFO]: Created: 512x256x0 minecraft:textures/atlas/particles.png-atlas
[07:20:27] [Render thread/INFO]: Created: 128x128x0 minecraft:textures/atlas/decorated_pot.png-atlas
[07:20:27] [Render thread/INFO]: Created: 2048x1024x0 minecraft:textures/atlas/armor_trims.png-atlas
[07:20:27] [Render thread/INFO]: Created: 512x256x0 minecraft:textures/atlas/paintings.png-atlas
[07:20:27] [Render thread/INFO]: Created: 1024x512x0 minecraft:textures/atlas/shield_patterns.png-atlas
[07:20:27] [Render thread/INFO]: Created: 2048x2048x4 minecraft:textures/atlas/blocks.png-atlas
[07:20:27] [Render thread/INFO]: Created: 512x512x0 minecraft:textures/atlas/chest.png-atlas
[07:20:27] [Render thread/INFO]: Created: 256x128x0 minecraft:textures/atlas/celestials.png-atlas
[07:20:27] [Render thread/INFO]: Created: 1024x512x0 minecraft:textures/atlas/banner_patterns.png-atlas
[07:20:27] [Render thread/INFO]: Created: 512x512x0 minecraft:textures/atlas/beds.png-atlas
[07:20:27] [Render thread/INFO]: Created: 1024x512x0 minecraft:textures/atlas/items.png-atlas
[07:20:27] [Render thread/INFO]: Created: 1024x1024x0 minecraft:textures/atlas/gui.png-atlas
[07:20:27] [Render thread/INFO]: Created: 128x64x0 minecraft:textures/atlas/map_decorations.png-atlas
[07:20:27] [Render thread/INFO]: Created: 512x256x0 minecraft:textures/atlas/signs.png-atlas
[07:20:27] [Render thread/INFO]: Created: 512x512x0 minecraft:textures/atlas/shulker_boxes.png-atlas
[07:20:27] [Render thread/INFO]: [System] [CHAT] Ⓖ [Игрок] almaz_armiyan ⇨ тепну на ивент за 49
[07:20:32] [Render thread/INFO]: Stopping!
